  Determining projects to restore...
D:\Gemini\.gemini\antigravity\scratch\DocumentManagementSystem\DocumentManagementSystem.csproj : warning NU1903: Package 'SixLabors.ImageSharp' 3.1.3 has a known high severity vulnerability, https://github.com/advisories/GHSA-2cmq-823j-5qj8
D:\Gemini\.gemini\antigravity\scratch\DocumentManagementSystem\DocumentManagementSystem.csproj : warning NU1902: Package 'SixLabors.ImageSharp' 3.1.3 has a known moderate severity vulnerability, https://github.com/advisories/GHSA-5x7m-6737-26cr
D:\Gemini\.gemini\antigravity\scratch\DocumentManagementSystem\DocumentManagementSystem.csproj : warning NU1903: Package 'SixLabors.ImageSharp' 3.1.3 has a known high severity vulnerability, https://github.com/advisories/GHSA-63p8-c4ww-9cg7
D:\Gemini\.gemini\antigravity\scratch\DocumentManagementSystem\DocumentManagementSystem.csproj : warning NU1902: Package 'SixLabors.ImageSharp' 3.1.3 has a known moderate severity vulnerability, https://github.com/advisories/GHSA-g85r-6x2q-45w7
D:\Gemini\.gemini\antigravity\scratch\DocumentManagementSystem\DocumentManagementSystem.csproj : warning NU1902: Package 'SixLabors.ImageSharp' 3.1.3 has a known moderate severity vulnerability, https://github.com/advisories/GHSA-qxrv-gp6x-rc23
D:\Gemini\.gemini\antigravity\scratch\DocumentManagementSystem\DocumentManagementSystem.csproj : warning NU1902: Package 'SixLabors.ImageSharp' 3.1.3 has a known moderate severity vulnerability, https://github.com/advisories/GHSA-rxmq-m78w-7wmc
  All projects are up-to-date for restore.
D:\Gemini\.gemini\antigravity\scratch\DocumentManagementSystem\DocumentManagementSystem.csproj : warning NU1903: Package 'SixLabors.ImageSharp' 3.1.3 has a known high severity vulnerability, https://github.com/advisories/GHSA-2cmq-823j-5qj8
D:\Gemini\.gemini\antigravity\scratch\DocumentManagementSystem\DocumentManagementSystem.csproj : warning NU1902: Package 'SixLabors.ImageSharp' 3.1.3 has a known moderate severity vulnerability, https://github.com/advisories/GHSA-5x7m-6737-26cr
D:\Gemini\.gemini\antigravity\scratch\DocumentManagementSystem\DocumentManagementSystem.csproj : warning NU1903: Package 'SixLabors.ImageSharp' 3.1.3 has a known high severity vulnerability, https://github.com/advisories/GHSA-63p8-c4ww-9cg7
D:\Gemini\.gemini\antigravity\scratch\DocumentManagementSystem\DocumentManagementSystem.csproj : warning NU1902: Package 'SixLabors.ImageSharp' 3.1.3 has a known moderate severity vulnerability, https://github.com/advisories/GHSA-g85r-6x2q-45w7
D:\Gemini\.gemini\antigravity\scratch\DocumentManagementSystem\DocumentManagementSystem.csproj : warning NU1902: Package 'SixLabors.ImageSharp' 3.1.3 has a known moderate severity vulnerability, https://github.com/advisories/GHSA-qxrv-gp6x-rc23
D:\Gemini\.gemini\antigravity\scratch\DocumentManagementSystem\DocumentManagementSystem.csproj : warning NU1902: Package 'SixLabors.ImageSharp' 3.1.3 has a known moderate severity vulnerability, https://github.com/advisories/GHSA-rxmq-m78w-7wmc
D:\Gemini\.gemini\antigravity\scratch\DocumentManagementSystem\Components\Pages\Browse.razor(37,21): warning RZ10012: Found markup element with unexpected name 'RadzenBreadcrumb'. If this is intended to be a component, add a @using directive for its namespace. [D:\Gemini\.gemini\antigravity\scratch\DocumentManagementSystem\DocumentManagementSystem.csproj]
D:\Gemini\.gemini\antigravity\scratch\DocumentManagementSystem\Components\Pages\Browse.razor(38,25): warning RZ10012: Found markup element with unexpected name 'RadzenBreadcrumbItem'. If this is intended to be a component, add a @using directive for its namespace. [D:\Gemini\.gemini\antigravity\scratch\DocumentManagementSystem\DocumentManagementSystem.csproj]
D:\Gemini\.gemini\antigravity\scratch\DocumentManagementSystem\Components\Pages\Browse.razor(39,25): warning RZ10012: Found markup element with unexpected name 'RadzenBreadcrumbItem'. If this is intended to be a component, add a @using directive for its namespace. [D:\Gemini\.gemini\antigravity\scratch\DocumentManagementSystem\DocumentManagementSystem.csproj]
D:\Gemini\.gemini\antigravity\scratch\DocumentManagementSystem\Components\Pages\Browse.razor(42,29): warning RZ10012: Found markup element with unexpected name 'RadzenBreadcrumbItem'. If this is intended to be a component, add a @using directive for its namespace. [D:\Gemini\.gemini\antigravity\scratch\DocumentManagementSystem\DocumentManagementSystem.csproj]
D:\Gemini\.gemini\antigravity\scratch\DocumentManagementSystem\Components\Pages\Browse.razor(47,29): warning RZ10012: Found markup element with unexpected name 'RadzenBreadcrumbItem'. If this is intended to be a component, add a @using directive for its namespace. [D:\Gemini\.gemini\antigravity\scratch\DocumentManagementSystem\DocumentManagementSystem.csproj]
D:\Gemini\.gemini\antigravity\scratch\DocumentManagementSystem\Components\Pages\Browse.razor.cs(21,22): error CS0246: The type or namespace name 'AuthenticationStateProvider' could not be found (are you missing a using directive or an assembly reference?) [D:\Gemini\.gemini\antigravity\scratch\DocumentManagementSystem\DocumentManagementSystem.csproj]

Build FAILED.

D:\Gemini\.gemini\antigravity\scratch\DocumentManagementSystem\DocumentManagementSystem.csproj : warning NU1903: Package 'SixLabors.ImageSharp' 3.1.3 has a known high severity vulnerability, https://github.com/advisories/GHSA-2cmq-823j-5qj8
D:\Gemini\.gemini\antigravity\scratch\DocumentManagementSystem\DocumentManagementSystem.csproj : warning NU1902: Package 'SixLabors.ImageSharp' 3.1.3 has a known moderate severity vulnerability, https://github.com/advisories/GHSA-5x7m-6737-26cr
D:\Gemini\.gemini\antigravity\scratch\DocumentManagementSystem\DocumentManagementSystem.csproj : warning NU1903: Package 'SixLabors.ImageSharp' 3.1.3 has a known high severity vulnerability, https://github.com/advisories/GHSA-63p8-c4ww-9cg7
D:\Gemini\.gemini\antigravity\scratch\DocumentManagementSystem\DocumentManagementSystem.csproj : warning NU1902: Package 'SixLabors.ImageSharp' 3.1.3 has a known moderate severity vulnerability, https://github.com/advisories/GHSA-g85r-6x2q-45w7
D:\Gemini\.gemini\antigravity\scratch\DocumentManagementSystem\DocumentManagementSystem.csproj : warning NU1902: Package 'SixLabors.ImageSharp' 3.1.3 has a known moderate severity vulnerability, https://github.com/advisories/GHSA-qxrv-gp6x-rc23
D:\Gemini\.gemini\antigravity\scratch\DocumentManagementSystem\DocumentManagementSystem.csproj : warning NU1902: Package 'SixLabors.ImageSharp' 3.1.3 has a known moderate severity vulnerability, https://github.com/advisories/GHSA-rxmq-m78w-7wmc
D:\Gemini\.gemini\antigravity\scratch\DocumentManagementSystem\DocumentManagementSystem.csproj : warning NU1903: Package 'SixLabors.ImageSharp' 3.1.3 has a known high severity vulnerability, https://github.com/advisories/GHSA-2cmq-823j-5qj8
D:\Gemini\.gemini\antigravity\scratch\DocumentManagementSystem\DocumentManagementSystem.csproj : warning NU1902: Package 'SixLabors.ImageSharp' 3.1.3 has a known moderate severity vulnerability, https://github.com/advisories/GHSA-5x7m-6737-26cr
D:\Gemini\.gemini\antigravity\scratch\DocumentManagementSystem\DocumentManagementSystem.csproj : warning NU1903: Package 'SixLabors.ImageSharp' 3.1.3 has a known high severity vulnerability, https://github.com/advisories/GHSA-63p8-c4ww-9cg7
D:\Gemini\.gemini\antigravity\scratch\DocumentManagementSystem\DocumentManagementSystem.csproj : warning NU1902: Package 'SixLabors.ImageSharp' 3.1.3 has a known moderate severity vulnerability, https://github.com/advisories/GHSA-g85r-6x2q-45w7
D:\Gemini\.gemini\antigravity\scratch\DocumentManagementSystem\DocumentManagementSystem.csproj : warning NU1902: Package 'SixLabors.ImageSharp' 3.1.3 has a known moderate severity vulnerability, https://github.com/advisories/GHSA-qxrv-gp6x-rc23
D:\Gemini\.gemini\antigravity\scratch\DocumentManagementSystem\DocumentManagementSystem.csproj : warning NU1902: Package 'SixLabors.ImageSharp' 3.1.3 has a known moderate severity vulnerability, https://github.com/advisories/GHSA-rxmq-m78w-7wmc
D:\Gemini\.gemini\antigravity\scratch\DocumentManagementSystem\Components\Pages\Browse.razor(37,21): warning RZ10012: Found markup element with unexpected name 'RadzenBreadcrumb'. If this is intended to be a component, add a @using directive for its namespace. [D:\Gemini\.gemini\antigravity\scratch\DocumentManagementSystem\DocumentManagementSystem.csproj]
D:\Gemini\.gemini\antigravity\scratch\DocumentManagementSystem\Components\Pages\Browse.razor(38,25): warning RZ10012: Found markup element with unexpected name 'RadzenBreadcrumbItem'. If this is intended to be a component, add a @using directive for its namespace. [D:\Gemini\.gemini\antigravity\scratch\DocumentManagementSystem\DocumentManagementSystem.csproj]
D:\Gemini\.gemini\antigravity\scratch\DocumentManagementSystem\Components\Pages\Browse.razor(39,25): warning RZ10012: Found markup element with unexpected name 'RadzenBreadcrumbItem'. If this is intended to be a component, add a @using directive for its namespace. [D:\Gemini\.gemini\antigravity\scratch\DocumentManagementSystem\DocumentManagementSystem.csproj]
D:\Gemini\.gemini\antigravity\scratch\DocumentManagementSystem\Components\Pages\Browse.razor(42,29): warning RZ10012: Found markup element with unexpected name 'RadzenBreadcrumbItem'. If this is intended to be a component, add a @using directive for its namespace. [D:\Gemini\.gemini\antigravity\scratch\DocumentManagementSystem\DocumentManagementSystem.csproj]
D:\Gemini\.gemini\antigravity\scratch\DocumentManagementSystem\Components\Pages\Browse.razor(47,29): warning RZ10012: Found markup element with unexpected name 'RadzenBreadcrumbItem'. If this is intended to be a component, add a @using directive for its namespace. [D:\Gemini\.gemini\antigravity\scratch\DocumentManagementSystem\DocumentManagementSystem.csproj]
D:\Gemini\.gemini\antigravity\scratch\DocumentManagementSystem\Components\Pages\Browse.razor.cs(21,22): error CS0246: The type or namespace name 'AuthenticationStateProvider' could not be found (are you missing a using directive or an assembly reference?) [D:\Gemini\.gemini\antigravity\scratch\DocumentManagementSystem\DocumentManagementSystem.csproj]
    17 Warning(s)
    1 Error(s)

Time Elapsed 00:00:05.62
