  Determining projects to restore...
D:\Gemini\.gemini\antigravity\scratch\DocumentManagementSystem\DocumentManagementSystem.csproj : warning NU1903: Package 'SixLabors.ImageSharp' 3.1.3 has a known high severity vulnerability, https://github.com/advisories/GHSA-2cmq-823j-5qj8
D:\Gemini\.gemini\antigravity\scratch\DocumentManagementSystem\DocumentManagementSystem.csproj : warning NU1902: Package 'SixLabors.ImageSharp' 3.1.3 has a known moderate severity vulnerability, https://github.com/advisories/GHSA-5x7m-6737-26cr
D:\Gemini\.gemini\antigravity\scratch\DocumentManagementSystem\DocumentManagementSystem.csproj : warning NU1903: Package 'SixLabors.ImageSharp' 3.1.3 has a known high severity vulnerability, https://github.com/advisories/GHSA-63p8-c4ww-9cg7
D:\Gemini\.gemini\antigravity\scratch\DocumentManagementSystem\DocumentManagementSystem.csproj : warning NU1902: Package 'SixLabors.ImageSharp' 3.1.3 has a known moderate severity vulnerability, https://github.com/advisories/GHSA-g85r-6x2q-45w7
D:\Gemini\.gemini\antigravity\scratch\DocumentManagementSystem\DocumentManagementSystem.csproj : warning NU1902: Package 'SixLabors.ImageSharp' 3.1.3 has a known moderate severity vulnerability, https://github.com/advisories/GHSA-qxrv-gp6x-rc23
D:\Gemini\.gemini\antigravity\scratch\DocumentManagementSystem\DocumentManagementSystem.csproj : warning NU1902: Package 'SixLabors.ImageSharp' 3.1.3 has a known moderate severity vulnerability, https://github.com/advisories/GHSA-rxmq-m78w-7wmc
  All projects are up-to-date for restore.
D:\Gemini\.gemini\antigravity\scratch\DocumentManagementSystem\DocumentManagementSystem.csproj : warning NU1903: Package 'SixLabors.ImageSharp' 3.1.3 has a known high severity vulnerability, https://github.com/advisories/GHSA-2cmq-823j-5qj8
D:\Gemini\.gemini\antigravity\scratch\DocumentManagementSystem\DocumentManagementSystem.csproj : warning NU1902: Package 'SixLabors.ImageSharp' 3.1.3 has a known moderate severity vulnerability, https://github.com/advisories/GHSA-5x7m-6737-26cr
D:\Gemini\.gemini\antigravity\scratch\DocumentManagementSystem\DocumentManagementSystem.csproj : warning NU1903: Package 'SixLabors.ImageSharp' 3.1.3 has a known high severity vulnerability, https://github.com/advisories/GHSA-63p8-c4ww-9cg7
D:\Gemini\.gemini\antigravity\scratch\DocumentManagementSystem\DocumentManagementSystem.csproj : warning NU1902: Package 'SixLabors.ImageSharp' 3.1.3 has a known moderate severity vulnerability, https://github.com/advisories/GHSA-g85r-6x2q-45w7
D:\Gemini\.gemini\antigravity\scratch\DocumentManagementSystem\DocumentManagementSystem.csproj : warning NU1902: Package 'SixLabors.ImageSharp' 3.1.3 has a known moderate severity vulnerability, https://github.com/advisories/GHSA-qxrv-gp6x-rc23
D:\Gemini\.gemini\antigravity\scratch\DocumentManagementSystem\DocumentManagementSystem.csproj : warning NU1902: Package 'SixLabors.ImageSharp' 3.1.3 has a known moderate severity vulnerability, https://github.com/advisories/GHSA-rxmq-m78w-7wmc
D:\Gemini\.gemini\antigravity\scratch\DocumentManagementSystem\Components\App.razor(21,5): warning RZ10012: Found markup element with unexpected name 'RadzenTheme'. If this is intended to be a component, add a @using directive for its namespace. [D:\Gemini\.gemini\antigravity\scratch\DocumentManagementSystem\DocumentManagementSystem.csproj]
D:\Gemini\.gemini\antigravity\scratch\DocumentManagementSystem\Components\Pages\Browse.razor(82,25): error RZ9981: Unexpected closing tag 'div' with no matching start tag. [D:\Gemini\.gemini\antigravity\scratch\DocumentManagementSystem\DocumentManagementSystem.csproj]
D:\Gemini\.gemini\antigravity\scratch\DocumentManagementSystem\Components\Pages\Browse.razor(83,21): error RZ9981: Unexpected closing tag 'Authorized' with no matching start tag. [D:\Gemini\.gemini\antigravity\scratch\DocumentManagementSystem\DocumentManagementSystem.csproj]
D:\Gemini\.gemini\antigravity\scratch\DocumentManagementSystem\Components\Pages\Browse.razor(84,17): error RZ9981: Unexpected closing tag 'AuthorizeView' with no matching start tag. [D:\Gemini\.gemini\antigravity\scratch\DocumentManagementSystem\DocumentManagementSystem.csproj]
D:\Gemini\.gemini\antigravity\scratch\DocumentManagementSystem\Components\Pages\Browse.razor(84,19): error RZ1034: Found a malformed 'AuthorizeView' tag helper. Tag helpers must have a start and end tag or be self closing. [D:\Gemini\.gemini\antigravity\scratch\DocumentManagementSystem\DocumentManagementSystem.csproj]
D:\Gemini\.gemini\antigravity\scratch\DocumentManagementSystem\Components\Pages\Browse.razor(86,9): error RZ9981: Unexpected closing tag 'RadzenStack' with no matching start tag. [D:\Gemini\.gemini\antigravity\scratch\DocumentManagementSystem\DocumentManagementSystem.csproj]
D:\Gemini\.gemini\antigravity\scratch\DocumentManagementSystem\Components\Pages\Browse.razor(86,11): error RZ1034: Found a malformed 'RadzenStack' tag helper. Tag helpers must have a start and end tag or be self closing. [D:\Gemini\.gemini\antigravity\scratch\DocumentManagementSystem\DocumentManagementSystem.csproj]
D:\Gemini\.gemini\antigravity\scratch\DocumentManagementSystem\Components\Pages\Browse.razor(87,5): error RZ9981: Unexpected closing tag 'RadzenCard' with no matching start tag. [D:\Gemini\.gemini\antigravity\scratch\DocumentManagementSystem\DocumentManagementSystem.csproj]
D:\Gemini\.gemini\antigravity\scratch\DocumentManagementSystem\Components\Pages\Browse.razor(87,7): error RZ1034: Found a malformed 'RadzenCard' tag helper. Tag helpers must have a start and end tag or be self closing. [D:\Gemini\.gemini\antigravity\scratch\DocumentManagementSystem\DocumentManagementSystem.csproj]
D:\Gemini\.gemini\antigravity\scratch\DocumentManagementSystem\Components\Pages\Browse.razor(217,1): error RZ9981: Unexpected closing tag 'RadzenStack' with no matching start tag. [D:\Gemini\.gemini\antigravity\scratch\DocumentManagementSystem\DocumentManagementSystem.csproj]
D:\Gemini\.gemini\antigravity\scratch\DocumentManagementSystem\Components\Pages\Browse.razor(217,3): error RZ1034: Found a malformed 'RadzenStack' tag helper. Tag helpers must have a start and end tag or be self closing. [D:\Gemini\.gemini\antigravity\scratch\DocumentManagementSystem\DocumentManagementSystem.csproj]
D:\Gemini\.gemini\antigravity\scratch\DocumentManagementSystem\Components\MfaSetupCard.razor.cs(10,7): warning CS0105: The using directive for 'DocumentManagementSystem.Models' appeared previously in this namespace [D:\Gemini\.gemini\antigravity\scratch\DocumentManagementSystem\DocumentManagementSystem.csproj]
D:\Gemini\.gemini\antigravity\scratch\DocumentManagementSystem\Components\MfaSetupCard.razor.cs(11,7): warning CS0105: The using directive for 'DocumentManagementSystem.Services' appeared previously in this namespace [D:\Gemini\.gemini\antigravity\scratch\DocumentManagementSystem\DocumentManagementSystem.csproj]
D:\Gemini\.gemini\antigravity\scratch\DocumentManagementSystem\Components\Pages\Admin\Categories.razor.cs(11,7): warning CS0105: The using directive for 'DocumentManagementSystem.Models' appeared previously in this namespace [D:\Gemini\.gemini\antigravity\scratch\DocumentManagementSystem\DocumentManagementSystem.csproj]
D:\Gemini\.gemini\antigravity\scratch\DocumentManagementSystem\Components\Pages\Admin\Categories.razor.cs(12,7): warning CS0105: The using directive for 'DocumentManagementSystem.Services' appeared previously in this namespace [D:\Gemini\.gemini\antigravity\scratch\DocumentManagementSystem\DocumentManagementSystem.csproj]
D:\Gemini\.gemini\antigravity\scratch\DocumentManagementSystem\Components\Pages\Admin\CreateGroupDialog.razor.cs(11,7): warning CS0105: The using directive for 'DocumentManagementSystem.Models' appeared previously in this namespace [D:\Gemini\.gemini\antigravity\scratch\DocumentManagementSystem\DocumentManagementSystem.csproj]
D:\Gemini\.gemini\antigravity\scratch\DocumentManagementSystem\Components\Pages\Admin\GroupUsersDialog.razor.cs(11,7): warning CS0105: The using directive for 'DocumentManagementSystem.Models' appeared previously in this namespace [D:\Gemini\.gemini\antigravity\scratch\DocumentManagementSystem\DocumentManagementSystem.csproj]
D:\Gemini\.gemini\antigravity\scratch\DocumentManagementSystem\Components\Pages\Admin\GroupUsersDialog.razor.cs(12,7): warning CS0105: The using directive for 'DocumentManagementSystem.Services' appeared previously in this namespace [D:\Gemini\.gemini\antigravity\scratch\DocumentManagementSystem\DocumentManagementSystem.csproj]
D:\Gemini\.gemini\antigravity\scratch\DocumentManagementSystem\Components\Pages\Admin\UserGroups.razor.cs(11,7): warning CS0105: The using directive for 'DocumentManagementSystem.Models' appeared previously in this namespace [D:\Gemini\.gemini\antigravity\scratch\DocumentManagementSystem\DocumentManagementSystem.csproj]
D:\Gemini\.gemini\antigravity\scratch\DocumentManagementSystem\Components\Pages\Admin\UserGroups.razor.cs(12,7): warning CS0105: The using directive for 'DocumentManagementSystem.Services' appeared previously in this namespace [D:\Gemini\.gemini\antigravity\scratch\DocumentManagementSystem\DocumentManagementSystem.csproj]
D:\Gemini\.gemini\antigravity\scratch\DocumentManagementSystem\Components\Pages\DocumentPreview.razor.cs(9,7): warning CS0105: The using directive for 'DocumentManagementSystem.Models' appeared previously in this namespace [D:\Gemini\.gemini\antigravity\scratch\DocumentManagementSystem\DocumentManagementSystem.csproj]
D:\Gemini\.gemini\antigravity\scratch\DocumentManagementSystem\Components\Pages\Duplicates.razor.cs(10,7): warning CS0105: The using directive for 'DocumentManagementSystem.Models' appeared previously in this namespace [D:\Gemini\.gemini\antigravity\scratch\DocumentManagementSystem\DocumentManagementSystem.csproj]
D:\Gemini\.gemini\antigravity\scratch\DocumentManagementSystem\Components\Pages\Duplicates.razor.cs(11,7): warning CS0105: The using directive for 'DocumentManagementSystem.Services' appeared previously in this namespace [D:\Gemini\.gemini\antigravity\scratch\DocumentManagementSystem\DocumentManagementSystem.csproj]
D:\Gemini\.gemini\antigravity\scratch\DocumentManagementSystem\Components\Pages\MfaSetup.razor.cs(10,7): warning CS0105: The using directive for 'DocumentManagementSystem.Models' appeared previously in this namespace [D:\Gemini\.gemini\antigravity\scratch\DocumentManagementSystem\DocumentManagementSystem.csproj]
D:\Gemini\.gemini\antigravity\scratch\DocumentManagementSystem\Components\Pages\MfaSetup.razor.cs(11,7): warning CS0105: The using directive for 'DocumentManagementSystem.Services' appeared previously in this namespace [D:\Gemini\.gemini\antigravity\scratch\DocumentManagementSystem\DocumentManagementSystem.csproj]
D:\Gemini\.gemini\antigravity\scratch\DocumentManagementSystem\Components\Pages\MyCategories.razor.cs(10,7): warning CS0105: The using directive for 'DocumentManagementSystem.Models' appeared previously in this namespace [D:\Gemini\.gemini\antigravity\scratch\DocumentManagementSystem\DocumentManagementSystem.csproj]
D:\Gemini\.gemini\antigravity\scratch\DocumentManagementSystem\Components\Pages\MyCategories.razor.cs(11,7): warning CS0105: The using directive for 'DocumentManagementSystem.Services' appeared previously in this namespace [D:\Gemini\.gemini\antigravity\scratch\DocumentManagementSystem\DocumentManagementSystem.csproj]
D:\Gemini\.gemini\antigravity\scratch\DocumentManagementSystem\Components\Pages\Profile.razor.cs(9,7): warning CS0105: The using directive for 'DocumentManagementSystem.Models' appeared previously in this namespace [D:\Gemini\.gemini\antigravity\scratch\DocumentManagementSystem\DocumentManagementSystem.csproj]
D:\Gemini\.gemini\antigravity\scratch\DocumentManagementSystem\Components\Pages\Profile.razor.cs(10,7): warning CS0105: The using directive for 'DocumentManagementSystem.Services' appeared previously in this namespace [D:\Gemini\.gemini\antigravity\scratch\DocumentManagementSystem\DocumentManagementSystem.csproj]
D:\Gemini\.gemini\antigravity\scratch\DocumentManagementSystem\Components\Pages\Trash.razor.cs(10,7): warning CS0105: The using directive for 'DocumentManagementSystem.Models' appeared previously in this namespace [D:\Gemini\.gemini\antigravity\scratch\DocumentManagementSystem\DocumentManagementSystem.csproj]
D:\Gemini\.gemini\antigravity\scratch\DocumentManagementSystem\Components\Pages\Trash.razor.cs(11,7): warning CS0105: The using directive for 'DocumentManagementSystem.Services' appeared previously in this namespace [D:\Gemini\.gemini\antigravity\scratch\DocumentManagementSystem\DocumentManagementSystem.csproj]
D:\Gemini\.gemini\antigravity\scratch\DocumentManagementSystem\Components\Pages\UploadQr.razor.cs(10,7): warning CS0105: The using directive for 'DocumentManagementSystem.Models' appeared previously in this namespace [D:\Gemini\.gemini\antigravity\scratch\DocumentManagementSystem\DocumentManagementSystem.csproj]
D:\Gemini\.gemini\antigravity\scratch\DocumentManagementSystem\Components\Pages\UploadQr.razor.cs(11,7): warning CS0105: The using directive for 'DocumentManagementSystem.Services' appeared previously in this namespace [D:\Gemini\.gemini\antigravity\scratch\DocumentManagementSystem\DocumentManagementSystem.csproj]
D:\Gemini\.gemini\antigravity\scratch\DocumentManagementSystem\Components\_Imports.razor(14,8): warning CS0105: The using directive for 'DocumentManagementSystem' appeared previously in this namespace [D:\Gemini\.gemini\antigravity\scratch\DocumentManagementSystem\DocumentManagementSystem.csproj]
D:\Gemini\.gemini\antigravity\scratch\DocumentManagementSystem\Components\_Imports.razor(15,8): warning CS0105: The using directive for 'DocumentManagementSystem.Components' appeared previously in this namespace [D:\Gemini\.gemini\antigravity\scratch\DocumentManagementSystem\DocumentManagementSystem.csproj]
D:\Gemini\.gemini\antigravity\scratch\DocumentManagementSystem\Components\Pages\AuditLogs.razor.cs(52,26): warning CS0168: The variable 'ex' is declared but never used [D:\Gemini\.gemini\antigravity\scratch\DocumentManagementSystem\DocumentManagementSystem.csproj]
D:\Gemini\.gemini\antigravity\scratch\DocumentManagementSystem\Components\Pages\Browse.razor.cs(163,29): warning CS8629: Nullable value type may be null. [D:\Gemini\.gemini\antigravity\scratch\DocumentManagementSystem\DocumentManagementSystem.csproj]
D:\Gemini\.gemini\antigravity\scratch\DocumentManagementSystem\Components\Pages\Browse.razor.cs(166,31): warning CS8629: Nullable value type may be null. [D:\Gemini\.gemini\antigravity\scratch\DocumentManagementSystem\DocumentManagementSystem.csproj]
D:\Gemini\.gemini\antigravity\scratch\DocumentManagementSystem\Components\Pages\UploadQr.razor.cs(122,26): warning CS0168: The variable 'ex' is declared but never used [D:\Gemini\.gemini\antigravity\scratch\DocumentManagementSystem\DocumentManagementSystem.csproj]
D:\Gemini\.gemini\antigravity\scratch\DocumentManagementSystem\Components\Pages\Browse.razor.cs(286,31): warning CS8604: Possible null reference argument for parameter 'value' in 'void Dictionary<string, object>.Add(string key, object value)'. [D:\Gemini\.gemini\antigravity\scratch\DocumentManagementSystem\DocumentManagementSystem.csproj]
D:\Gemini\.gemini\antigravity\scratch\DocumentManagementSystem\Components\Pages\DocumentView.razor.cs(293,30): warning CS0168: The variable 'ex' is declared but never used [D:\Gemini\.gemini\antigravity\scratch\DocumentManagementSystem\DocumentManagementSystem.csproj]
D:\Gemini\.gemini\antigravity\scratch\DocumentManagementSystem\Components\Pages\DocumentView.razor.cs(307,30): warning CS0168: The variable 'ex' is declared but never used [D:\Gemini\.gemini\antigravity\scratch\DocumentManagementSystem\DocumentManagementSystem.csproj]
D:\Gemini\.gemini\antigravity\scratch\DocumentManagementSystem\Components\Pages\Duplicates.razor.cs(37,26): warning CS0168: The variable 'ex' is declared but never used [D:\Gemini\.gemini\antigravity\scratch\DocumentManagementSystem\DocumentManagementSystem.csproj]
D:\Gemini\.gemini\antigravity\scratch\DocumentManagementSystem\Components\Pages\Browse.razor(58,92): warning CS4014: Because this call is not awaited, execution of the current method continues before the call is completed. Consider applying the 'await' operator to the result of the call. [D:\Gemini\.gemini\antigravity\scratch\DocumentManagementSystem\DocumentManagementSystem.csproj]
D:\Gemini\.gemini\antigravity\scratch\DocumentManagementSystem\Components\Pages\Browse.razor(51,126): warning CS8604: Possible null reference argument for parameter 'value' in 'Task Browse.OnDateRangeChange(object value)'. [D:\Gemini\.gemini\antigravity\scratch\DocumentManagementSystem\DocumentManagementSystem.csproj]
D:\Gemini\.gemini\antigravity\scratch\DocumentManagementSystem\Data\Repositories\DocumentRepository.cs(790,36): warning CS8604: Possible null reference argument for parameter 'item' in 'void List<string>.Add(string item)'. [D:\Gemini\.gemini\antigravity\scratch\DocumentManagementSystem\DocumentManagementSystem.csproj]
D:\Gemini\.gemini\antigravity\scratch\DocumentManagementSystem\Components\Pages\Trash.razor.cs(35,26): warning CS0168: The variable 'ex' is declared but never used [D:\Gemini\.gemini\antigravity\scratch\DocumentManagementSystem\DocumentManagementSystem.csproj]
D:\Gemini\.gemini\antigravity\scratch\DocumentManagementSystem\Components\Layout\MainLayout.razor(286,18): warning CS0414: The field 'MainLayout.sidebarExpanded' is assigned but its value is never used [D:\Gemini\.gemini\antigravity\scratch\DocumentManagementSystem\DocumentManagementSystem.csproj]

Build FAILED.

D:\Gemini\.gemini\antigravity\scratch\DocumentManagementSystem\DocumentManagementSystem.csproj : warning NU1903: Package 'SixLabors.ImageSharp' 3.1.3 has a known high severity vulnerability, https://github.com/advisories/GHSA-2cmq-823j-5qj8
D:\Gemini\.gemini\antigravity\scratch\DocumentManagementSystem\DocumentManagementSystem.csproj : warning NU1902: Package 'SixLabors.ImageSharp' 3.1.3 has a known moderate severity vulnerability, https://github.com/advisories/GHSA-5x7m-6737-26cr
D:\Gemini\.gemini\antigravity\scratch\DocumentManagementSystem\DocumentManagementSystem.csproj : warning NU1903: Package 'SixLabors.ImageSharp' 3.1.3 has a known high severity vulnerability, https://github.com/advisories/GHSA-63p8-c4ww-9cg7
D:\Gemini\.gemini\antigravity\scratch\DocumentManagementSystem\DocumentManagementSystem.csproj : warning NU1902: Package 'SixLabors.ImageSharp' 3.1.3 has a known moderate severity vulnerability, https://github.com/advisories/GHSA-g85r-6x2q-45w7
D:\Gemini\.gemini\antigravity\scratch\DocumentManagementSystem\DocumentManagementSystem.csproj : warning NU1902: Package 'SixLabors.ImageSharp' 3.1.3 has a known moderate severity vulnerability, https://github.com/advisories/GHSA-qxrv-gp6x-rc23
D:\Gemini\.gemini\antigravity\scratch\DocumentManagementSystem\DocumentManagementSystem.csproj : warning NU1902: Package 'SixLabors.ImageSharp' 3.1.3 has a known moderate severity vulnerability, https://github.com/advisories/GHSA-rxmq-m78w-7wmc
D:\Gemini\.gemini\antigravity\scratch\DocumentManagementSystem\DocumentManagementSystem.csproj : warning NU1903: Package 'SixLabors.ImageSharp' 3.1.3 has a known high severity vulnerability, https://github.com/advisories/GHSA-2cmq-823j-5qj8
D:\Gemini\.gemini\antigravity\scratch\DocumentManagementSystem\DocumentManagementSystem.csproj : warning NU1902: Package 'SixLabors.ImageSharp' 3.1.3 has a known moderate severity vulnerability, https://github.com/advisories/GHSA-5x7m-6737-26cr
D:\Gemini\.gemini\antigravity\scratch\DocumentManagementSystem\DocumentManagementSystem.csproj : warning NU1903: Package 'SixLabors.ImageSharp' 3.1.3 has a known high severity vulnerability, https://github.com/advisories/GHSA-63p8-c4ww-9cg7
D:\Gemini\.gemini\antigravity\scratch\DocumentManagementSystem\DocumentManagementSystem.csproj : warning NU1902: Package 'SixLabors.ImageSharp' 3.1.3 has a known moderate severity vulnerability, https://github.com/advisories/GHSA-g85r-6x2q-45w7
D:\Gemini\.gemini\antigravity\scratch\DocumentManagementSystem\DocumentManagementSystem.csproj : warning NU1902: Package 'SixLabors.ImageSharp' 3.1.3 has a known moderate severity vulnerability, https://github.com/advisories/GHSA-qxrv-gp6x-rc23
D:\Gemini\.gemini\antigravity\scratch\DocumentManagementSystem\DocumentManagementSystem.csproj : warning NU1902: Package 'SixLabors.ImageSharp' 3.1.3 has a known moderate severity vulnerability, https://github.com/advisories/GHSA-rxmq-m78w-7wmc
D:\Gemini\.gemini\antigravity\scratch\DocumentManagementSystem\Components\App.razor(21,5): warning RZ10012: Found markup element with unexpected name 'RadzenTheme'. If this is intended to be a component, add a @using directive for its namespace. [D:\Gemini\.gemini\antigravity\scratch\DocumentManagementSystem\DocumentManagementSystem.csproj]
D:\Gemini\.gemini\antigravity\scratch\DocumentManagementSystem\Components\MfaSetupCard.razor.cs(10,7): warning CS0105: The using directive for 'DocumentManagementSystem.Models' appeared previously in this namespace [D:\Gemini\.gemini\antigravity\scratch\DocumentManagementSystem\DocumentManagementSystem.csproj]
D:\Gemini\.gemini\antigravity\scratch\DocumentManagementSystem\Components\MfaSetupCard.razor.cs(11,7): warning CS0105: The using directive for 'DocumentManagementSystem.Services' appeared previously in this namespace [D:\Gemini\.gemini\antigravity\scratch\DocumentManagementSystem\DocumentManagementSystem.csproj]
D:\Gemini\.gemini\antigravity\scratch\DocumentManagementSystem\Components\Pages\Admin\Categories.razor.cs(11,7): warning CS0105: The using directive for 'DocumentManagementSystem.Models' appeared previously in this namespace [D:\Gemini\.gemini\antigravity\scratch\DocumentManagementSystem\DocumentManagementSystem.csproj]
D:\Gemini\.gemini\antigravity\scratch\DocumentManagementSystem\Components\Pages\Admin\Categories.razor.cs(12,7): warning CS0105: The using directive for 'DocumentManagementSystem.Services' appeared previously in this namespace [D:\Gemini\.gemini\antigravity\scratch\DocumentManagementSystem\DocumentManagementSystem.csproj]
D:\Gemini\.gemini\antigravity\scratch\DocumentManagementSystem\Components\Pages\Admin\CreateGroupDialog.razor.cs(11,7): warning CS0105: The using directive for 'DocumentManagementSystem.Models' appeared previously in this namespace [D:\Gemini\.gemini\antigravity\scratch\DocumentManagementSystem\DocumentManagementSystem.csproj]
D:\Gemini\.gemini\antigravity\scratch\DocumentManagementSystem\Components\Pages\Admin\GroupUsersDialog.razor.cs(11,7): warning CS0105: The using directive for 'DocumentManagementSystem.Models' appeared previously in this namespace [D:\Gemini\.gemini\antigravity\scratch\DocumentManagementSystem\DocumentManagementSystem.csproj]
D:\Gemini\.gemini\antigravity\scratch\DocumentManagementSystem\Components\Pages\Admin\GroupUsersDialog.razor.cs(12,7): warning CS0105: The using directive for 'DocumentManagementSystem.Services' appeared previously in this namespace [D:\Gemini\.gemini\antigravity\scratch\DocumentManagementSystem\DocumentManagementSystem.csproj]
D:\Gemini\.gemini\antigravity\scratch\DocumentManagementSystem\Components\Pages\Admin\UserGroups.razor.cs(11,7): warning CS0105: The using directive for 'DocumentManagementSystem.Models' appeared previously in this namespace [D:\Gemini\.gemini\antigravity\scratch\DocumentManagementSystem\DocumentManagementSystem.csproj]
D:\Gemini\.gemini\antigravity\scratch\DocumentManagementSystem\Components\Pages\Admin\UserGroups.razor.cs(12,7): warning CS0105: The using directive for 'DocumentManagementSystem.Services' appeared previously in this namespace [D:\Gemini\.gemini\antigravity\scratch\DocumentManagementSystem\DocumentManagementSystem.csproj]
D:\Gemini\.gemini\antigravity\scratch\DocumentManagementSystem\Components\Pages\DocumentPreview.razor.cs(9,7): warning CS0105: The using directive for 'DocumentManagementSystem.Models' appeared previously in this namespace [D:\Gemini\.gemini\antigravity\scratch\DocumentManagementSystem\DocumentManagementSystem.csproj]
D:\Gemini\.gemini\antigravity\scratch\DocumentManagementSystem\Components\Pages\Duplicates.razor.cs(10,7): warning CS0105: The using directive for 'DocumentManagementSystem.Models' appeared previously in this namespace [D:\Gemini\.gemini\antigravity\scratch\DocumentManagementSystem\DocumentManagementSystem.csproj]
D:\Gemini\.gemini\antigravity\scratch\DocumentManagementSystem\Components\Pages\Duplicates.razor.cs(11,7): warning CS0105: The using directive for 'DocumentManagementSystem.Services' appeared previously in this namespace [D:\Gemini\.gemini\antigravity\scratch\DocumentManagementSystem\DocumentManagementSystem.csproj]
D:\Gemini\.gemini\antigravity\scratch\DocumentManagementSystem\Components\Pages\MfaSetup.razor.cs(10,7): warning CS0105: The using directive for 'DocumentManagementSystem.Models' appeared previously in this namespace [D:\Gemini\.gemini\antigravity\scratch\DocumentManagementSystem\DocumentManagementSystem.csproj]
D:\Gemini\.gemini\antigravity\scratch\DocumentManagementSystem\Components\Pages\MfaSetup.razor.cs(11,7): warning CS0105: The using directive for 'DocumentManagementSystem.Services' appeared previously in this namespace [D:\Gemini\.gemini\antigravity\scratch\DocumentManagementSystem\DocumentManagementSystem.csproj]
D:\Gemini\.gemini\antigravity\scratch\DocumentManagementSystem\Components\Pages\MyCategories.razor.cs(10,7): warning CS0105: The using directive for 'DocumentManagementSystem.Models' appeared previously in this namespace [D:\Gemini\.gemini\antigravity\scratch\DocumentManagementSystem\DocumentManagementSystem.csproj]
D:\Gemini\.gemini\antigravity\scratch\DocumentManagementSystem\Components\Pages\MyCategories.razor.cs(11,7): warning CS0105: The using directive for 'DocumentManagementSystem.Services' appeared previously in this namespace [D:\Gemini\.gemini\antigravity\scratch\DocumentManagementSystem\DocumentManagementSystem.csproj]
D:\Gemini\.gemini\antigravity\scratch\DocumentManagementSystem\Components\Pages\Profile.razor.cs(9,7): warning CS0105: The using directive for 'DocumentManagementSystem.Models' appeared previously in this namespace [D:\Gemini\.gemini\antigravity\scratch\DocumentManagementSystem\DocumentManagementSystem.csproj]
D:\Gemini\.gemini\antigravity\scratch\DocumentManagementSystem\Components\Pages\Profile.razor.cs(10,7): warning CS0105: The using directive for 'DocumentManagementSystem.Services' appeared previously in this namespace [D:\Gemini\.gemini\antigravity\scratch\DocumentManagementSystem\DocumentManagementSystem.csproj]
D:\Gemini\.gemini\antigravity\scratch\DocumentManagementSystem\Components\Pages\Trash.razor.cs(10,7): warning CS0105: The using directive for 'DocumentManagementSystem.Models' appeared previously in this namespace [D:\Gemini\.gemini\antigravity\scratch\DocumentManagementSystem\DocumentManagementSystem.csproj]
D:\Gemini\.gemini\antigravity\scratch\DocumentManagementSystem\Components\Pages\Trash.razor.cs(11,7): warning CS0105: The using directive for 'DocumentManagementSystem.Services' appeared previously in this namespace [D:\Gemini\.gemini\antigravity\scratch\DocumentManagementSystem\DocumentManagementSystem.csproj]
D:\Gemini\.gemini\antigravity\scratch\DocumentManagementSystem\Components\Pages\UploadQr.razor.cs(10,7): warning CS0105: The using directive for 'DocumentManagementSystem.Models' appeared previously in this namespace [D:\Gemini\.gemini\antigravity\scratch\DocumentManagementSystem\DocumentManagementSystem.csproj]
D:\Gemini\.gemini\antigravity\scratch\DocumentManagementSystem\Components\Pages\UploadQr.razor.cs(11,7): warning CS0105: The using directive for 'DocumentManagementSystem.Services' appeared previously in this namespace [D:\Gemini\.gemini\antigravity\scratch\DocumentManagementSystem\DocumentManagementSystem.csproj]
D:\Gemini\.gemini\antigravity\scratch\DocumentManagementSystem\Components\_Imports.razor(14,8): warning CS0105: The using directive for 'DocumentManagementSystem' appeared previously in this namespace [D:\Gemini\.gemini\antigravity\scratch\DocumentManagementSystem\DocumentManagementSystem.csproj]
D:\Gemini\.gemini\antigravity\scratch\DocumentManagementSystem\Components\_Imports.razor(15,8): warning CS0105: The using directive for 'DocumentManagementSystem.Components' appeared previously in this namespace [D:\Gemini\.gemini\antigravity\scratch\DocumentManagementSystem\DocumentManagementSystem.csproj]
D:\Gemini\.gemini\antigravity\scratch\DocumentManagementSystem\Components\Pages\AuditLogs.razor.cs(52,26): warning CS0168: The variable 'ex' is declared but never used [D:\Gemini\.gemini\antigravity\scratch\DocumentManagementSystem\DocumentManagementSystem.csproj]
D:\Gemini\.gemini\antigravity\scratch\DocumentManagementSystem\Components\Pages\Browse.razor.cs(163,29): warning CS8629: Nullable value type may be null. [D:\Gemini\.gemini\antigravity\scratch\DocumentManagementSystem\DocumentManagementSystem.csproj]
D:\Gemini\.gemini\antigravity\scratch\DocumentManagementSystem\Components\Pages\Browse.razor.cs(166,31): warning CS8629: Nullable value type may be null. [D:\Gemini\.gemini\antigravity\scratch\DocumentManagementSystem\DocumentManagementSystem.csproj]
D:\Gemini\.gemini\antigravity\scratch\DocumentManagementSystem\Components\Pages\UploadQr.razor.cs(122,26): warning CS0168: The variable 'ex' is declared but never used [D:\Gemini\.gemini\antigravity\scratch\DocumentManagementSystem\DocumentManagementSystem.csproj]
D:\Gemini\.gemini\antigravity\scratch\DocumentManagementSystem\Components\Pages\Browse.razor.cs(286,31): warning CS8604: Possible null reference argument for parameter 'value' in 'void Dictionary<string, object>.Add(string key, object value)'. [D:\Gemini\.gemini\antigravity\scratch\DocumentManagementSystem\DocumentManagementSystem.csproj]
D:\Gemini\.gemini\antigravity\scratch\DocumentManagementSystem\Components\Pages\DocumentView.razor.cs(293,30): warning CS0168: The variable 'ex' is declared but never used [D:\Gemini\.gemini\antigravity\scratch\DocumentManagementSystem\DocumentManagementSystem.csproj]
D:\Gemini\.gemini\antigravity\scratch\DocumentManagementSystem\Components\Pages\DocumentView.razor.cs(307,30): warning CS0168: The variable 'ex' is declared but never used [D:\Gemini\.gemini\antigravity\scratch\DocumentManagementSystem\DocumentManagementSystem.csproj]
D:\Gemini\.gemini\antigravity\scratch\DocumentManagementSystem\Components\Pages\Duplicates.razor.cs(37,26): warning CS0168: The variable 'ex' is declared but never used [D:\Gemini\.gemini\antigravity\scratch\DocumentManagementSystem\DocumentManagementSystem.csproj]
D:\Gemini\.gemini\antigravity\scratch\DocumentManagementSystem\Components\Pages\Browse.razor(58,92): warning CS4014: Because this call is not awaited, execution of the current method continues before the call is completed. Consider applying the 'await' operator to the result of the call. [D:\Gemini\.gemini\antigravity\scratch\DocumentManagementSystem\DocumentManagementSystem.csproj]
D:\Gemini\.gemini\antigravity\scratch\DocumentManagementSystem\Components\Pages\Browse.razor(51,126): warning CS8604: Possible null reference argument for parameter 'value' in 'Task Browse.OnDateRangeChange(object value)'. [D:\Gemini\.gemini\antigravity\scratch\DocumentManagementSystem\DocumentManagementSystem.csproj]
D:\Gemini\.gemini\antigravity\scratch\DocumentManagementSystem\Data\Repositories\DocumentRepository.cs(790,36): warning CS8604: Possible null reference argument for parameter 'item' in 'void List<string>.Add(string item)'. [D:\Gemini\.gemini\antigravity\scratch\DocumentManagementSystem\DocumentManagementSystem.csproj]
D:\Gemini\.gemini\antigravity\scratch\DocumentManagementSystem\Components\Pages\Trash.razor.cs(35,26): warning CS0168: The variable 'ex' is declared but never used [D:\Gemini\.gemini\antigravity\scratch\DocumentManagementSystem\DocumentManagementSystem.csproj]
D:\Gemini\.gemini\antigravity\scratch\DocumentManagementSystem\Components\Layout\MainLayout.razor(286,18): warning CS0414: The field 'MainLayout.sidebarExpanded' is assigned but its value is never used [D:\Gemini\.gemini\antigravity\scratch\DocumentManagementSystem\DocumentManagementSystem.csproj]
D:\Gemini\.gemini\antigravity\scratch\DocumentManagementSystem\Components\Pages\Browse.razor(82,25): error RZ9981: Unexpected closing tag 'div' with no matching start tag. [D:\Gemini\.gemini\antigravity\scratch\DocumentManagementSystem\DocumentManagementSystem.csproj]
D:\Gemini\.gemini\antigravity\scratch\DocumentManagementSystem\Components\Pages\Browse.razor(83,21): error RZ9981: Unexpected closing tag 'Authorized' with no matching start tag. [D:\Gemini\.gemini\antigravity\scratch\DocumentManagementSystem\DocumentManagementSystem.csproj]
D:\Gemini\.gemini\antigravity\scratch\DocumentManagementSystem\Components\Pages\Browse.razor(84,17): error RZ9981: Unexpected closing tag 'AuthorizeView' with no matching start tag. [D:\Gemini\.gemini\antigravity\scratch\DocumentManagementSystem\DocumentManagementSystem.csproj]
D:\Gemini\.gemini\antigravity\scratch\DocumentManagementSystem\Components\Pages\Browse.razor(84,19): error RZ1034: Found a malformed 'AuthorizeView' tag helper. Tag helpers must have a start and end tag or be self closing. [D:\Gemini\.gemini\antigravity\scratch\DocumentManagementSystem\DocumentManagementSystem.csproj]
D:\Gemini\.gemini\antigravity\scratch\DocumentManagementSystem\Components\Pages\Browse.razor(86,9): error RZ9981: Unexpected closing tag 'RadzenStack' with no matching start tag. [D:\Gemini\.gemini\antigravity\scratch\DocumentManagementSystem\DocumentManagementSystem.csproj]
D:\Gemini\.gemini\antigravity\scratch\DocumentManagementSystem\Components\Pages\Browse.razor(86,11): error RZ1034: Found a malformed 'RadzenStack' tag helper. Tag helpers must have a start and end tag or be self closing. [D:\Gemini\.gemini\antigravity\scratch\DocumentManagementSystem\DocumentManagementSystem.csproj]
D:\Gemini\.gemini\antigravity\scratch\DocumentManagementSystem\Components\Pages\Browse.razor(87,5): error RZ9981: Unexpected closing tag 'RadzenCard' with no matching start tag. [D:\Gemini\.gemini\antigravity\scratch\DocumentManagementSystem\DocumentManagementSystem.csproj]
D:\Gemini\.gemini\antigravity\scratch\DocumentManagementSystem\Components\Pages\Browse.razor(87,7): error RZ1034: Found a malformed 'RadzenCard' tag helper. Tag helpers must have a start and end tag or be self closing. [D:\Gemini\.gemini\antigravity\scratch\DocumentManagementSystem\DocumentManagementSystem.csproj]
D:\Gemini\.gemini\antigravity\scratch\DocumentManagementSystem\Components\Pages\Browse.razor(217,1): error RZ9981: Unexpected closing tag 'RadzenStack' with no matching start tag. [D:\Gemini\.gemini\antigravity\scratch\DocumentManagementSystem\DocumentManagementSystem.csproj]
D:\Gemini\.gemini\antigravity\scratch\DocumentManagementSystem\Components\Pages\Browse.razor(217,3): error RZ1034: Found a malformed 'RadzenStack' tag helper. Tag helpers must have a start and end tag or be self closing. [D:\Gemini\.gemini\antigravity\scratch\DocumentManagementSystem\DocumentManagementSystem.csproj]
    50 Warning(s)
    10 Error(s)

Time Elapsed 00:00:08.17
