C:\Program Files\dotnet\sdk\10.0.103\Microsoft.Common.CurrentVersion.targets(5381,5): error MSB3027: Could not copy "D:\Gemini\.gemini\antigravity\scratch\DocumentManagementSystem\obj\Debug\net8.0\apphost.exe" to "bin\Debug\net8.0\DocumentManagementSystem.exe". Exceeded retry count of 10. Failed. The file is locked by: "DocumentManagementSystem (29676)" [D:\Gemini\.gemini\antigravity\scratch\DocumentManagementSystem\DocumentManagementSystem.csproj]
C:\Program Files\dotnet\sdk\10.0.103\Microsoft.Common.CurrentVersion.targets(5381,5): error MSB3021: Unable to copy file "D:\Gemini\.gemini\antigravity\scratch\DocumentManagementSystem\obj\Debug\net8.0\apphost.exe" to "bin\Debug\net8.0\DocumentManagementSystem.exe". The process cannot access the file 'D:\Gemini\.gemini\antigravity\scratch\DocumentManagementSystem\bin\Debug\net8.0\DocumentManagementSystem.exe' because it is being used by another process. [D:\Gemini\.gemini\antigravity\scratch\DocumentManagementSystem\DocumentManagementSystem.csproj]
C:\Program Files\dotnet\sdk\10.0.103\Microsoft.Common.CurrentVersion.targets(5381,5): error MSB3027: Could not copy "D:\Gemini\.gemini\antigravity\scratch\DocumentManagementSystem\obj\Debug\net8.0\apphost.exe" to "bin\Debug\net8.0\DocumentManagementSystem.exe". Exceeded retry count of 10. Failed. The file is locked by: "DocumentManagementSystem (29676)" [D:\Gemini\.gemini\antigravity\scratch\DocumentManagementSystem\DocumentManagementSystem.csproj]
C:\Program Files\dotnet\sdk\10.0.103\Microsoft.Common.CurrentVersion.targets(5381,5): error MSB3021: Unable to copy file "D:\Gemini\.gemini\antigravity\scratch\DocumentManagementSystem\obj\Debug\net8.0\apphost.exe" to "bin\Debug\net8.0\DocumentManagementSystem.exe". The process cannot access the file 'D:\Gemini\.gemini\antigravity\scratch\DocumentManagementSystem\bin\Debug\net8.0\DocumentManagementSystem.exe' because it is being used by another process. [D:\Gemini\.gemini\antigravity\scratch\DocumentManagementSystem\DocumentManagementSystem.csproj]
    2 Error(s)
